interactions:
- request:
    body: null
    headers:
      Accept: ['*/*']
      Accept-Encoding: ['gzip, deflate']
      Connection: [keep-alive]
      User-Agent: [python-requests/2.12.3]
    method: GET
    uri: https://api.litmos.com/v1.svc/teams?apikey=app-key12345&source=app-name12345&format=json&limit=200
  response:
    body: {string: '[{"Id":"y5phW-Iw2lE1","Name":"John Smith","TeamCodeForBulkImport":"405494-JohnSmith"},{"Id":"Yo8Lln12xPo1","Name":"Patti
        Finnegan","TeamCodeForBulkImport":"122536-PatiFinnegan"},{"Id":"XdsSQGcD6-Q1","Name":"Tsukasa
        Nakamura","TeamCodeForBulkImport":"405101-TsukasaNakamura"},{"Id":"GdaRqCDoIbY1","Name":"Valerie
        James","TeamCodeForBulkImport":"143080-Valerie"}]'}
    headers:
      Content-Length: ['18049']
      Content-Type: [application/json; charset=utf-8]
      Date: ['Thu, 15 Dec 2016 17:15:36 GMT']
      Server: [Microsoft-IIS/7.5]
      X-Powered-By: [ASP.NET]
    status: {code: 200, message: OK}
- request:
    body: null
    headers:
      Accept: ['*/*']
      Accept-Encoding: ['gzip, deflate']
      Connection: [keep-alive]
      User-Agent: [python-requests/2.12.3]
    method: GET
    uri: https://api.litmos.com/v1.svc/teams?apikey=app-key12345&source=app-name12345&format=json&limit=200&start=200
  response:
    body: {string: '[{"Id":"y5phW-Iw2lE1","Name":"John Smith","TeamCodeForBulkImport":"405494-JohnSmith"},{"Id":"Yo8Lln12xPo1","Name":"Patti
        Finnegan","TeamCodeForBulkImport":"122536-PatiFinnegan"},{"Id":"XdsSQGcD6-Q1","Name":"Tsukasa
        Nakamura","TeamCodeForBulkImport":"405101-TsukasaNakamura"},{"Id":"GdaRqCDoIbY1","Name":"Valerie
        James","TeamCodeForBulkImport":"143080-Valerie"}]'}
    headers:
      Content-Length: ['1438']
      Content-Type: [application/json; charset=utf-8]
      Date: ['Thu, 15 Dec 2016 17:15:37 GMT']
      Server: [Microsoft-IIS/7.5]
      X-Powered-By: [ASP.NET]
    status: {code: 200, message: OK}
- request:
    body: null
    headers:
      Accept: ['*/*']
      Accept-Encoding: ['gzip, deflate']
      Connection: [keep-alive]
      User-Agent: [python-requests/2.12.3]
    method: GET
    uri: https://api.litmos.com/v1.svc/teams?apikey=app-key12345&source=app-name12345&format=json&limit=200&start=400
  response:
    body: {string: '[]'}
    headers:
      Content-Length: ['2']
      Content-Type: [application/json; charset=utf-8]
      Date: ['Thu, 15 Dec 2016 17:15:37 GMT']
      Server: [Microsoft-IIS/7.5]
      X-Powered-By: [ASP.NET]
    status: {code: 200, message: OK}
version: 1
